// Jest Snapshot v1, https://goo.gl/fbAQLP

exports[`NewsBox renders correctly 1`] = `
<article>
  <h3
    class="title"
  >
    article-title
  </h3>
  <div
    class="image"
    style="background-image: url(news.png);"
  />
  <p
    class="description"
  >
    News description
  </p>
  <p
    class="link"
  >
    <a
      href="https://externalsource.com/"
    >
      Continue reading
    </a>
  </p>
</article>
`;
