// Jest Snapshot v1, https://goo.gl/fbAQLP

exports[`NewsBox renders the NewsBox component 1`] = `
<article>
  <h3
    class="title"
  />
  <div
    class="image"
    style="background-image: url(undefined);"
  />
  <p
    class="description"
  />
  <p
    class="link"
  >
    <a>
      Continue reading
    </a>
  </p>
</article>
`;
