// Jest Snapshot v1, https://goo.gl/fbAQLP

exports[`NavigationBar renders news categories 1`] = `
<ul
  data-testid="news-categories"
>
  <li
    style="background-color: rgb(0, 0, 0); color: rgb(255, 255, 255);"
  >
    World
  </li>
  <li
    data-testid="business"
    style="background-color: rgb(0, 0, 0); color: rgb(255, 255, 255);"
  >
    Business
  </li>
  <li
    style="background-color: rgb(0, 0, 0); color: rgb(255, 255, 255);"
  >
    Sports
  </li>
  <li
    style="background-color: rgb(0, 0, 0); color: rgb(255, 255, 255);"
  >
    Entertainment
  </li>
  <li
    style="background-color: rgb(0, 0, 0); color: rgb(255, 255, 255);"
  >
    Technology
  </li>
</ul>
`;
